../Core/Src/main.c:104:5:main	8	static
../Core/Src/main.c:163:6:SystemClock_Config	88	static
../Core/Src/main.c:210:13:MX_CRC_Init	8	static
../Core/Src/main.c:236:13:MX_I2C1_Init	8	static
../Core/Src/main.c:270:13:MX_I2C2_Init	8	static
../Core/Src/main.c:304:13:MX_USART1_UART_Init	8	static
../Core/Src/main.c:337:13:MX_GPIO_Init	40	static
../Core/Src/main.c:360:6:I2C_Scanner	112	static
../Core/Src/main.c:408:6:ism330dhcx_read_data_polling	80	static
../Core/Src/main.c:515:16:platform_write	40	static
../Core/Src/main.c:524:16:platform_read	40	static
../Core/Src/main.c:536:6:Error_Handler	8	static
